./data/burgerking.pgm [im_input] 150x84 459731281 [im_histogram] 256x160 2124314153 [im_collection[i]] 150x84 1525489000 [im_collection[i]] 150x84 345575867 [im_collection[i]] 150x84 3644445128 [im_collection[i]] 150x84 2975546243
