
[flat] 256x256 1468792869

[histogram] 256x160 1519143717

[gradient] 256x256 2590034725

[histogram] 256x160 1617958612
